BEGIN
INSERT 0 2
INSERT 0 2
              set_config              
--------------------------------------
 a1000000-0000-4000-8000-000000000001

SET
--- 1. before: attacker asks for the victim's identity
 user_id | name | email | phone_number 
---------+------+-------+--------------

--- 2. attacker inserts a staging record pointing at the victim (RLS applies)
          clinician_user_id           |            linked_user_id            
--------------------------------------+--------------------------------------
 a1000000-0000-4000-8000-000000000001 | b2000000-0000-4000-8000-000000000002

INSERT 0 1
--- 3. after: same call
               user_id                |    name     |      email       | phone_number 
--------------------------------------+-------------+------------------+--------------
 b2000000-0000-4000-8000-000000000002 | Vera Victim | vera@example.com | +1 555 0100

RESET
ROLLBACK
