Expanded display is on.
BEGIN
INSERT 0 4
INSERT 0 4
INSERT 0 2
INSERT 0 4
-[ RECORD 1 ]------------------------------------
set_config | 9b9b0000-0000-4000-8000-00000000009b

INSERT 0 1
-[ RECORD 1 ]------------------------------------
set_config | d0d00000-0000-4000-8000-0000000000d0

INSERT 0 1
SET
-[ RECORD 1 ]-------+-------------------------------------
sending_practice_id | aaaa0000-0000-4000-8000-00000000aaaa

RESET
--- Hospital A admin reads its withdrawal register (RLS applies)
-[ RECORD 1 ]------------------------------------
set_config | a1a00000-0000-4000-8000-0000000000a1

SET
-[ RECORD 1 ]--------+-------------------------------------
sending_practice_id  | aaaa0000-0000-4000-8000-00000000aaaa
file_name            | psychiatric-assessment-bola.pdf
actual_recipient_ref | P-9B9B0000
internal_note        | Draft uploaded by mistake

RESET
--- Hospital B admin (the patient's actual hospital) reads its register
-[ RECORD 1 ]------------------------------------
set_config | b1b00000-0000-4000-8000-0000000000b1

SET
-[ RECORD 1 ]-----+--
rows_visible_to_b | 0

RESET
ROLLBACK
